// Vitest Snapshot v1, https://vitest.dev/guide/snapshot.html

exports[`Navigation > matches snapshot 1`] = `
<div>
  <nav
    class="fixed top-0 w-full z-50 bg-background/60 backdrop-blur-md border-b border-neutral-800"
  >
    <div
      class="container mx-auto px-6 py-4 flex justify-between items-center"
    >
      <a
        href="/"
      >
        <span
          class="relative inline-block w-full"
        >
          <span
            aria-hidden="true"
            class="text-gradient invisible w-full inline-block"
          >
            EduCoder.dev
          </span>
          <span
            class="text-gradient absolute top-0 left-0 w-full"
            style="max-width: 100%; word-wrap: break-word;"
          />
          <style>
            
        .typewriter-cursor {
          animation: none;
        }

        @keyframes blink {
          0%, 50% {
            opacity: 1;
          }
          51%, 100% {
            opacity: 0;
          }
        }
      
          </style>
        </span>
      </a>
      <div
        class="hidden md:flex space-x-8"
      >
        <a
          href="/about"
        >
          About
        </a>
        <a
          href="/projects"
        >
          Projects
        </a>
        <a
          href="/posts"
        >
          Posts
        </a>
      </div>
      <button
        aria-expanded="false"
        aria-label="Toggle mobile menu"
        class="md:hidden z-60 relative"
      >
        <div
          class="w-6 h-6 flex flex-col justify-center space-y-1"
        >
          <div
            class="w-full h-0.5 bg-foreground transition-transform duration-300 "
          />
          <div
            class="w-full h-0.5 bg-foreground transition-opacity duration-300 "
          />
          <div
            class="w-full h-0.5 bg-foreground transition-transform duration-300 "
          />
        </div>
      </button>
    </div>
  </nav>
  <div
    class="fixed inset-0 z-40 transition-opacity duration-300 md:hidden opacity-0 invisible"
  >
    <div
      class="absolute inset-0 bg-black/50 backdrop-blur-sm"
    />
    <div
      class="absolute top-0 right-0 w-64 h-full bg-background border-l border-neutral-800 shadow-xl transform transition-transform duration-300 translate-x-full"
    >
      <div
        class="pt-20 px-6"
      >
        <div
          class="flex flex-col space-y-6"
        >
          <a
            href="/about"
          >
            About
          </a>
          <a
            href="/projects"
          >
            Projects
          </a>
          <a
            href="/posts"
          >
            Posts
          </a>
        </div>
      </div>
    </div>
  </div>
</div>
`;
